

----------- 2017-02-17 11:05:06
$ sudo python runcrawler.py offline "EDB Data Spider"
['anhye@abcft.com']
2017-02-17 10:58:52,184 - 12392 - INFO - connect websocket
2017-02-17 10:58:52,255 - 12392 - INFO - connect finished
2017-02-17 10:58:52,255 - 12392 - INFO - request cmd: {"cmd": "edb", "type": "cmd", "param": ["M0061614", "2003-11-11", "2005-12-12", "Fill=Previous"]}
2017-02-17 10:58:52,255 - 12392 - INFO - request measures count: 1
{'errorCode': 0, 'codeList': ['M0061614'], 'data': [-30.0, -150.0, 260.0, -50.0, -300.0, -200.0, -170.0, -270.0, -300.0, -350.0, -350.0, -450.0, -246.0, -185.0, -429.0, 67.5, 100.0, 300.0, -178.0, -700.0, 150.0, -11.8, 200.0, 300.0, 251.7, -20.0, -181.0, -472.0, -70.0, 170.0, -20.0, 180.0, 250.0, 180.0, 170.0, -60.0, -350.0, -130.3, 120.0, 200.0, -450.0, -670.0, -440.0, -180.0, -20.0, -90.0, -310.0, -260.0, -420.0, -500.0, -50.0, -300.0, -380.0, -1000.0, 300.0, 600.0, 430.0, 150.0, 20.0, -1330.0, -1250.0, -650.0, -350.0, -285.4, -115.0, -320.0, -435.5, -650.0, -350.0, -422.0, 150.0, -350.0, -250.0, -400.0, 50.0, -350.0, -450.0, -200.0, 70.0, -260.0, -250.0, -320.0, -120.0, -220.0, -70.0, 90.0, 0.0, -170.0, -350.0, -550.0, -310.0, -450.0, -610.0, -520.0, -730.0, -482.0, -260.0, -200.0, 150.0, 0.0], 'fieldList': ['CLOSE'], 'timeList': ['2004-01-02T00:00:00', '2004-01-09T00:00:00', '2004-01-16T00:00:00', '2004-01-23T00:00:00', '2004-01-30T00:00:00', '2004-02-06T00:00:00', '2004-02-13T00:00:00', '2004-02-20T00:00:00', '2004-02-27T00:00:00', '2004-03-05T00:00:00', '2004-03-12T00:00:00', '2004-03-19T00:00:00', '2004-03-26T00:00:00', '2004-04-02T00:00:00', '2004-04-09T00:00:00', '2004-04-16T00:00:00', '2004-04-23T00:00:00', '2004-04-30T00:00:00', '2004-05-14T00:00:00', '2004-05-21T00:00:00', '2004-05-28T00:00:00', '2004-06-04T00:00:00', '2004-06-11T00:00:00', '2004-06-18T00:00:00', '2004-06-25T00:00:00', '2004-07-02T00:00:00', '2004-07-09T00:00:00', '2004-07-16T00:00:00', '2004-07-23T00:00:00', '2004-07-30T00:00:00', '2004-08-06T00:00:00', '2004-08-13T00:00:00', '2004-08-20T00:00:00', '2004-08-27T00:00:00', '2004-09-03T00:00:00', '2004-09-10T00:00:00', '2004-09-17T00:00:00', '2004-09-24T00:00:00', '2004-10-01T00:00:00', '2004-10-08T00:00:00', '2004-10-15T00:00:00', '2004-10-22T00:00:00', '2004-10-29T00:00:00', '2004-11-05T00:00:00', '2004-11-12T00:00:00', '2004-11-19T00:00:00', '2004-11-26T00:00:00', '2004-12-03T00:00:00', '2004-12-10T00:00:00', '2004-12-17T00:00:00', '2004-12-24T00:00:00', '2004-12-31T00:00:00', '2005-01-07T00:00:00', '2005-01-14T00:00:00', '2005-01-21T00:00:00', '2005-01-28T00:00:00', '2005-02-04T00:00:00', '2005-02-11T00:00:00', '2005-02-18T00:00:00', '2005-02-25T00:00:00', '2005-03-04T00:00:00', '2005-03-11T00:00:00', '2005-03-18T00:00:00', '2005-03-25T00:00:00', '2005-04-01T00:00:00', '2005-04-08T00:00:00', '2005-04-15T00:00:00', '2005-04-22T00:00:00', '2005-04-29T00:00:00', '2005-05-13T00:00:00', '2005-05-20T00:00:00', '2005-05-27T00:00:00', '2005-06-03T00:00:00', '2005-06-10T00:00:00', '2005-06-17T00:00:00', '2005-06-24T00:00:00', '2005-07-01T00:00:00', '2005-07-08T00:00:00', '2005-07-15T00:00:00', '2005-07-22T00:00:00', '2005-07-29T00:00:00', '2005-08-05T00:00:00', '2005-08-12T00:00:00', '2005-08-19T00:00:00', '2005-08-26T00:00:00', '2005-09-02T00:00:00', '2005-09-09T00:00:00', '2005-09-16T00:00:00', '2005-09-23T00:00:00', '2005-09-30T00:00:00', '2005-10-14T00:00:00', '2005-10-21T00:00:00', '2005-10-28T00:00:00', '2005-11-04T00:00:00', '2005-11-11T00:00:00', '2005-11-18T00:00:00', '2005-11-25T00:00:00', '2005-12-02T00:00:00', '2005-12-09T00:00:00', '2005-12-16T00:00:00']}
2017-02-17 10:59:02,425 - 12392 - INFO - close websocket
run offline spider "EDB Data Spider" finished


----------- 2017-02-17 10:58:35
$ sudo python runcrawler.py offline "EDB Data Spider"
['anhye@abcft.com']
2017-02-17 10:58:01,682 - 9325 - INFO - connect websocket
2017-02-17 10:58:01,753 - 9325 - INFO - connect finished
2017-02-17 10:58:01,753 - 9325 - INFO - request cmd: {"cmd": "edb", "type": "cmd", "param": ["M0061614", "1995-11-11", "1996-12-12", "Fill=Previous"]}
2017-02-17 10:58:01,753 - 9325 - INFO - request measures count: 1
{'errorCode': 0, 'codeList': ['M0061614'], 'data': [-30.0], 'fieldList': ['CLOSE'], 'timeList': ['2004-01-02T00:00:00']}
2017-02-17 10:58:12,618 - 9325 - INFO - close websocket
run offline spider "EDB Data Spider" finished


----------- 2017-02-17 10:57:11
$ sudo python runcrawler.py offline "EDB Data Spider"
['anhye@abcft.com']
2017-02-17 10:55:19,868 - 31461 - INFO - connect websocket
2017-02-17 10:55:20,180 - 31461 - INFO - connect finished
2017-02-17 10:55:20,180 - 31461 - INFO - request cmd: {"cmd": "edb", "type": "cmd", "param": ["M0001383", "1980-11-11", "1989-12-12", "Fill=Previous"]}
2017-02-17 10:55:20,180 - 31461 - INFO - request measures count: 1
{'errorCode': 0, 'codeList': ['M0001383'], 'data': [26.7, 16.9, 21.0, 6.6], 'fieldList': ['CLOSE'], 'timeList': ['1986-12-31T00:00:00', '1987-12-31T00:00:00', '1988-12-31T00:00:00', '1989-12-31T00:00:00']}
2017-02-17 10:55:31,724 - 31461 - INFO - close websocket
run offline spider "EDB Data Spider" finished
kidd@kidd-OptiPlex-9020:
~/workspace/abc/apes-crawler
$ sudo python runcrawler.py offline "EDB Data Spider"
['anhye@abcft.com']
2017-02-17 10:56:51,953 - 5007 - INFO - connect websocket
2017-02-17 10:56:52,016 - 5007 - INFO - connect finished
2017-02-17 10:56:52,016 - 5007 - INFO - request cmd: {"cmd": "edb", "type": "cmd", "param": ["M0001383", "1980-11-11", "1996-12-12", "Fill=Previous"]}
2017-02-17 10:56:52,016 - 5007 - INFO - request measures count: 1
{'errorCode': 0, 'codeList': ['M0001383'], 'data': [26.7, 16.9, 21.0, 6.6, 19.2, 24.2, 35.9, 38.8, 26.2, 16.8, 11.4, 16.6, 13.8, 13.7, 14.5, 15.0, 15.2, 15.1, 17.3, 17.1, 17.1, 18.9], 'fieldList': ['CLOSE'], 'timeList': ['1986-12-31T00:00:00', '1987-12-31T00:00:00', '1988-12-31T00:00:00', '1989-12-31T00:00:00', '1990-12-31T00:00:00', '1991-12-31T00:00:00', '1992-12-31T00:00:00', '1993-12-31T00:00:00', '1994-12-31T00:00:00', '1995-12-31T00:00:00', '1996-01-31T00:00:00', '1996-02-29T00:00:00', '1996-03-31T00:00:00', '1996-04-30T00:00:00', '1996-05-31T00:00:00', '1996-06-30T00:00:00', '1996-07-31T00:00:00', '1996-08-31T00:00:00', '1996-09-30T00:00:00', '1996-10-31T00:00:00', '1996-11-30T00:00:00', '1996-12-31T00:00:00']}
2017-02-17 10:57:02,706 - 5007 - INFO - close websocket
run offline spider "EDB Data Spider" finished

--------------- 2017-02-17 10:54:37
$ sudo python runcrawler.py offline "EDB Data Spider"
['anhye@abcft.com']
2017-02-17 10:54:01,874 - 26669 - INFO - connect websocket
2017-02-17 10:54:01,932 - 26669 - INFO - connect finished
2017-02-17 10:54:01,932 - 26669 - INFO - request cmd: {"cmd": "edb", "type": "cmd", "param": ["M0001383", "1989-11-11", "2001-12-12", "Fill=Previous"]}
2017-02-17 10:54:01,932 - 26669 - INFO - request measures count: 1
{'errorCode': 0, 'codeList': ['M0001383'], 'data': [6.6, 19.2, 24.2, 35.9, 38.8, 26.2, 16.8, 11.4, 16.6, 13.8, 13.7, 14.5, 15.0, 15.2, 15.1, 17.3, 17.1, 17.1, 18.9, 22.2, 16.0, 18.9, 18.7, 18.3, 20.6, 18.4, 17.2, 17.3, 15.8, 14.9, 16.5, 14.6, 12.4, 11.8, 11.2, 10.8, 8.7, 10.5, 10.9, 13.2, 13.5, 13.7, 11.9, 9.6, 16.0, 14.9, 14.1, 13.3, 14.9, 13.5, 14.4, 14.8, 15.1, 15.9, 17.7, 19.4, 15.3, 18.7, 21.7, 22.3, 23.7, 22.6, 21.9, 20.8, 18.2, 17.1, 16.0, 16.8, 16.4, 17.4, 15.0, 14.9, 14.9, 11.9, 14.2, 12.3, 12.3, 11.4, 12.7], 'fieldList': ['CLOSE'], 'timeList': ['1989-12-31T00:00:00', '1990-12-31T00:00:00', '1991-12-31T00:00:00', '1992-12-31T00:00:00', '1993-12-31T00:00:00', '1994-12-31T00:00:00', '1995-12-31T00:00:00', '1996-01-31T00:00:00', '1996-02-29T00:00:00', '1996-03-31T00:00:00', '1996-04-30T00:00:00', '1996-05-31T00:00:00', '1996-06-30T00:00:00', '1996-07-31T00:00:00', '1996-08-31T00:00:00', '1996-09-30T00:00:00', '1996-10-31T00:00:00', '1996-11-30T00:00:00', '1996-12-31T00:00:00', '1997-01-31T00:00:00', '1997-02-28T00:00:00', '1997-03-31T00:00:00', '1997-04-30T00:00:00', '1997-05-31T00:00:00', '1997-06-30T00:00:00', '1997-07-31T00:00:00', '1997-08-31T00:00:00', '1997-09-30T00:00:00', '1997-10-31T00:00:00', '1997-11-30T00:00:00', '1997-12-31T00:00:00', '1998-01-31T00:00:00', '1998-02-28T00:00:00', '1998-03-31T00:00:00', '1998-04-30T00:00:00', '1998-05-31T00:00:00', '1998-06-30T00:00:00', '1998-07-31T00:00:00', '1998-08-31T00:00:00', '1998-09-30T00:00:00', '1998-10-31T00:00:00', '1998-11-30T00:00:00', '1998-12-31T00:00:00', '1999-01-31T00:00:00', '1999-02-28T00:00:00', '1999-03-31T00:00:00', '1999-04-30T00:00:00', '1999-05-31T00:00:00', '1999-06-30T00:00:00', '1999-07-31T00:00:00', '1999-08-31T00:00:00', '1999-09-30T00:00:00', '1999-10-31T00:00:00', '1999-11-30T00:00:00', '1999-12-31T00:00:00', '2000-01-31T00:00:00', '2000-02-29T00:00:00', '2000-03-31T00:00:00', '2000-04-30T00:00:00', '2000-05-31T00:00:00', '2000-06-30T00:00:00', '2000-07-31T00:00:00', '2000-08-31T00:00:00', '2000-09-30T00:00:00', '2000-10-31T00:00:00', '2000-11-30T00:00:00', '2000-12-31T00:00:00', '2001-01-31T00:00:00', '2001-02-28T00:00:00', '2001-03-31T00:00:00', '2001-04-30T00:00:00', '2001-05-31T00:00:00', '2001-06-30T00:00:00', '2001-07-31T00:00:00', '2001-08-31T00:00:00', '2001-09-30T00:00:00', '2001-10-31T00:00:00', '2001-11-30T00:00:00', '2001-12-31T00:00:00']}
2017-02-17 10:54:19,983 - 26669 - INFO - close websocket
run offline spider "EDB Data Spider" finished


--------------2017-02-17 10:50:312017-02-17 10:50:31

$ sudo python runcrawler.py offline "EDB Data Spider"
['anhye@abcft.com']
2017-02-17 10:49:26,643 - 9885 - INFO - connect websocket
2017-02-17 10:49:26,716 - 9885 - INFO - connect finished
2017-02-17 10:49:26,716 - 9885 - INFO - request cmd: {"cmd": "edb", "type": "cmd", "param": ["M0001383", "2001-11-11", "2016-12-12", "Fill=Previous"]}
2017-02-17 10:49:26,716 - 9885 - INFO - request measures count: 1
{'errorCode': 0, 'codeList': ['M0001383'], 'data': [11.4, 12.7, 9.5, 10.9, 10.1, 11.5, 14.6, 12.8, 17.0, 14.6, 15.9, 17.9, 18.5, 16.82, 19.5, 18.8, 20.12, 18.0, 18.8, 20.24, 20.0, 18.75, 18.51, 19.62, 18.86, 18.7, 15.7, 19.8, 20.1, 20.0, 18.6, 16.2, 15.0, 15.14, 13.7, 12.57, 13.8, 13.6, 15.32, 10.6, 9.9, 10.0, 10.4, 11.25, 11.0, 11.5, 11.64, 12.08, 12.7, 11.78, 10.63, 12.4, 12.7, 12.5, 14.01, 13.9, 15.3, 15.6, 15.7, 16.3, 16.8, 17.48, 20.21, 21.0, 19.8, 20.0, 19.28, 20.92, 20.9, 22.8, 22.07, 22.21, 21.67, 21.01, 20.72, 19.2, 18.25, 19.05, 17.93, 14.19, 13.96, 11.48, 9.43, 8.85, 6.8, 9.06, 6.68, 10.87, 17.04, 17.48, 18.69, 24.79, 26.37, 27.72, 29.51, 32.03, 34.63, 32.35, 38.96, 34.99, 29.94, 31.25, 29.9, 24.56, 22.9, 21.9, 20.87, 22.1, 22.1, 21.19, 13.6, 14.5, 15.0, 12.9, 12.7, 13.1, 11.6, 11.2, 8.9, 8.4, 7.8, 7.9, 3.1, 4.3, 4.4, 3.1, 3.5, 4.7, 4.6, 4.5, 7.3, 6.1, 5.5, 6.5, 15.3, 9.5, 11.9, 11.9, 11.3, 9.1, 9.7, 9.9, 8.9, 8.9, 9.4, 9.3, 1.2, 6.9, 5.4, 5.5, 5.7, 8.9, 6.7, 5.7, 4.8, 3.2, 3.2, 3.2, 10.6, 5.6, 2.9, 3.7, 4.7, 4.3, 6.6, 9.3, 11.4, 14.0, 15.7, 15.2, 18.6, 17.4, 22.1, 22.9, 23.7, 24.6, 25.4, 25.3, 24.7, 23.9, 22.7, 21.4], 'fieldList': ['CLOSE'], 'timeList': ['2001-11-30T00:00:00', '2001-12-31T00:00:00', '2002-01-31T00:00:00', '2002-02-28T00:00:00', '2002-03-31T00:00:00', '2002-04-30T00:00:00', '2002-05-31T00:00:00', '2002-06-30T00:00:00', '2002-07-31T00:00:00', '2002-08-31T00:00:00', '2002-09-30T00:00:00', '2002-10-31T00:00:00', '2002-11-30T00:00:00', '2002-12-31T00:00:00', '2003-01-31T00:00:00', '2003-02-28T00:00:00', '2003-03-31T00:00:00', '2003-04-30T00:00:00', '2003-05-31T00:00:00', '2003-06-30T00:00:00', '2003-07-31T00:00:00', '2003-08-31T00:00:00', '2003-09-30T00:00:00', '2003-10-31T00:00:00', '2003-11-30T00:00:00', '2003-12-31T00:00:00', '2004-01-31T00:00:00', '2004-02-29T00:00:00', '2004-03-31T00:00:00', '2004-04-30T00:00:00', '2004-05-31T00:00:00', '2004-06-30T00:00:00', '2004-07-31T00:00:00', '2004-08-31T00:00:00', '2004-09-30T00:00:00', '2004-10-31T00:00:00', '2004-11-30T00:00:00', '2004-12-31T00:00:00', '2005-01-31T00:00:00', '2005-02-28T00:00:00', '2005-03-31T00:00:00', '2005-04-30T00:00:00', '2005-05-31T00:00:00', '2005-06-30T00:00:00', '2005-07-31T00:00:00', '2005-08-31T00:00:00', '2005-09-30T00:00:00', '2005-10-31T00:00:00', '2005-11-30T00:00:00', '2005-12-31T00:00:00', '2006-01-31T00:00:00', '2006-02-28T00:00:00', '2006-03-31T00:00:00', '2006-04-30T00:00:00', '2006-05-31T00:00:00', '2006-06-30T00:00:00', '2006-07-31T00:00:00', '2006-08-31T00:00:00', '2006-09-30T00:00:00', '2006-10-31T00:00:00', '2006-11-30T00:00:00', '2006-12-31T00:00:00', '2007-01-31T00:00:00', '2007-02-28T00:00:00', '2007-03-31T00:00:00', '2007-04-30T00:00:00', '2007-05-31T00:00:00', '2007-06-30T00:00:00', '2007-07-31T00:00:00', '2007-08-31T00:00:00', '2007-09-30T00:00:00', '2007-10-31T00:00:00', '2007-11-30T00:00:00', '2007-12-31T00:00:00', '2008-01-31T00:00:00', '2008-02-29T00:00:00', '2008-03-31T00:00:00', '2008-04-30T00:00:00', '2008-05-31T00:00:00', '2008-06-30T00:00:00', '2008-07-31T00:00:00', '2008-08-31T00:00:00', '2008-09-30T00:00:00', '2008-10-31T00:00:00', '2008-11-30T00:00:00', '2008-12-31T00:00:00', '2009-01-31T00:00:00', '2009-02-28T00:00:00', '2009-03-31T00:00:00', '2009-04-30T00:00:00', '2009-05-31T00:00:00', '2009-06-30T00:00:00', '2009-07-31T00:00:00', '2009-08-31T00:00:00', '2009-09-30T00:00:00', '2009-10-31T00:00:00', '2009-11-30T00:00:00', '2009-12-31T00:00:00', '2010-01-31T00:00:00', '2010-02-28T00:00:00', '2010-03-31T00:00:00', '2010-04-30T00:00:00', '2010-05-31T00:00:00', '2010-06-30T00:00:00', '2010-07-31T00:00:00', '2010-08-31T00:00:00', '2010-09-30T00:00:00', '2010-10-31T00:00:00', '2010-11-30T00:00:00', '2010-12-31T00:00:00', '2011-01-31T00:00:00', '2011-02-28T00:00:00', '2011-03-31T00:00:00', '2011-04-30T00:00:00', '2011-05-31T00:00:00', '2011-06-30T00:00:00', '2011-07-31T00:00:00', '2011-08-31T00:00:00', '2011-09-30T00:00:00', '2011-10-31T00:00:00', '2011-11-30T00:00:00', '2011-12-31T00:00:00', '2012-01-31T00:00:00', '2012-02-29T00:00:00', '2012-03-31T00:00:00', '2012-04-30T00:00:00', '2012-05-31T00:00:00', '2012-06-30T00:00:00', '2012-07-31T00:00:00', '2012-08-31T00:00:00', '2012-09-30T00:00:00', '2012-10-31T00:00:00', '2012-11-30T00:00:00', '2012-12-31T00:00:00', '2013-01-31T00:00:00', '2013-02-28T00:00:00', '2013-03-31T00:00:00', '2013-04-30T00:00:00', '2013-05-31T00:00:00', '2013-06-30T00:00:00', '2013-07-31T00:00:00', '2013-08-31T00:00:00', '2013-09-30T00:00:00', '2013-10-31T00:00:00', '2013-11-30T00:00:00', '2013-12-31T00:00:00', '2014-01-31T00:00:00', '2014-02-28T00:00:00', '2014-03-31T00:00:00', '2014-04-30T00:00:00', '2014-05-31T00:00:00', '2014-06-30T00:00:00', '2014-07-31T00:00:00', '2014-08-31T00:00:00', '2014-09-30T00:00:00', '2014-10-31T00:00:00', '2014-11-30T00:00:00', '2014-12-31T00:00:00', '2015-01-31T00:00:00', '2015-02-28T00:00:00', '2015-03-31T00:00:00', '2015-04-30T00:00:00', '2015-05-31T00:00:00', '2015-06-30T00:00:00', '2015-07-31T00:00:00', '2015-08-31T00:00:00', '2015-09-30T00:00:00', '2015-10-31T00:00:00', '2015-11-30T00:00:00', '2015-12-31T00:00:00', '2016-01-31T00:00:00', '2016-02-29T00:00:00', '2016-03-31T00:00:00', '2016-04-30T00:00:00', '2016-05-31T00:00:00', '2016-06-30T00:00:00', '2016-07-31T00:00:00', '2016-08-31T00:00:00', '2016-09-30T00:00:00', '2016-10-31T00:00:00', '2016-11-30T00:00:00', '2016-12-31T00:00:00']}
2017-02-17 10:49:37,675 - 9885 - INFO - close websocket
run offline spider "EDB Data Spider" finished

--------------- 2017-02-17 10:50:26


2017-02-17 10:45:11,843 - 26258 - INFO - request cmd: {"cmd": "edb", "type": "cmd", "param": ["M0001383,M0001385,M0000612,M0009973,M0010049,G0003749,G0003750,G0003751,G0003758,G0003755,G0003761,G0003855,G0003856,G0003857,G0003867,G0003868,G0003752,G0003869,S2700237,S2700209,S2700225,S2700184,S2700244,S2700204,S2700216,S2700214,S2700208,S2700218,S2700150,S2700151,S2700152,S2700153,S2700154,S2700155,S2700156,S2700157,S2700158,S2700159,S2700160,S2700161,S2700162,S2700163,S2700164,S2700165,S2700166,S2700167,S2700168,S2700169,S2700170,S2700171,S2700172,S2700173,S2700174,S2700175,S2700176,S2700177,S2700178,S2700179,S2700180,S2700181,S2700182,S2700183,S2700185,S2700186,S2700187,S2700188,S2700189,S2700190,S2700191,S2700192,S2700193,S2700194,S2700195,S2700196,S2700197,S2700198,S2700199,S2700200,S2700201,S2700202,S2700203,S2700205,S2700206,S2700207,S2700210,S2700211,S2700212,S2700213,S2700215,S2700217,S2700219,S2700220,S2700221,S2700222,S2700223,S2700224,S2700226,S2700227,S2700228,S2700229,S2700230,S2700231,S2700232,S2700233,S2700234,S2700235,S2700236,S2700238,S2700239,S2700240,S2700241,S2700242,S2700243,S2700245,S2700246,S2700247,S2700248,S2700249,S0029656,S0029657,S0029660,S0049576,S0029646,S0029648,S0073239,S0073240,S0029650,S0029651,S0029652,S0029653,S0029654,S0029655,S0073241,S0073242,S0073243,S0073244,S0073245,S0073246,S0073247,S0073248,S0073249,S0073250,S0073251,S0073252,S0073253,S0073254,S0073255,S0073256,S0029668,S0029669,S0029670,S0073290,S0073293,S0073297,S0029658,S0073300,S0029659,S0049591,M0000616,M0000613,M0085932,M0096666,M0000614,M0000615,M0000617,M0000618,M0000619,M0044542,M0085936,M0085940,M0000620,M0000621,M0000622,M0000623,M0000624,M0068161,M0000625,M0000626,M0000627,M0000628,M0000629,M0068162,M0096672,M0000630,M0000631,M0000632,M0000633,M0000634,M0000635,M0000636,M0086493,M0220197,M0000637,M0000638,M0000639,M0220198,M0220199,M0000640,M0000641,M0000643", "2016-11-11", "2016-12-12", "Fill=Previous"]}
2017-02-17 10:45:11,843 - 26258 - INFO - request measures count: 200
{'errorCode': 0, 'codeList': ['M0001383', 'M0001385', 'M0000612', 'M0009973', 'M0010049', 'G0003749', 'G0003750', 'G0003751', 'G0003758', 'G0003755', 'G0003761', 'G0003855', 'G0003856', 'G0003857', 'G0003867', 'G0003868', 'G0003752', 'G0003869', 'S2700237', 'S2700209', 'S2700225', 'S2700184', 'S2700244', 'S2700204', 'S2700216', 'S2700214', 'S2700208', 'S2700218', 'S2700150', 'S2700151', 'S2700152', 'S2700153', 'S2700154', 'S2700155', 'S2700156', 'S2700157', 'S2700158', 'S2700159', 'S2700160', 'S2700161', 'S2700162', 'S2700163', 'S2700164', 'S2700165', 'S2700166', 'S2700167', 'S2700168', 'S2700169', 'S2700170', 'S2700171', 'S2700172', 'S2700173', 'S2700174', 'S2700175', 'S2700176', 'S2700177', 'S2700178', 'S2700179', 'S2700180', 'S2700181', 'S2700182', 'S2700183', 'S2700185', 'S2700186', 'S2700187', 'S2700188', 'S2700189', 'S2700190', 'S2700191', 'S2700192', 'S2700193', 'S2700194', 'S2700195', 'S2700196', 'S2700197', 'S2700198', 'S2700199', 'S2700200', 'S2700201', 'S2700202', 'S2700203', 'S2700205', 'S2700206', 'S2700207', 'S2700210', 'S2700211', 'S2700212', 'S2700213', 'S2700215', 'S2700217', 'S2700219', 'S2700220', 'S2700221', 'S2700222', 'S2700223', 'S2700224', 'S2700226', 'S2700227', 'S2700228', 'S2700229', 'S2700230', 'S2700231', 'S2700232', 'S2700233', 'S2700234', 'S2700235', 'S2700236', 'S2700238', 'S2700239', 'S2700240', 'S2700241', 'S2700242', 'S2700243', 'S2700245', 'S2700246', 'S2700247', 'S2700248', 'S2700249', 'S0029656', 'S0029657', 'S0029660', 'S0049576', 'S0029646', 'S0029648', 'S0073239', 'S0073240', 'S0029650', 'S0029651', 'S0029652', 'S0029653', 'S0029654', 'S0029655', 'S0073241', 'S0073242', 'S0073243', 'S0073244', 'S0073245', 'S0073246', 'S0073247', 'S0073248', 'S0073249', 'S0073250', 'S0073251', 'S0073252', 'S0073253', 'S0073254', 'S0073255', 'S0073256', 'S0029668', 'S0029669', 'S0029670', 'S0073290', 'S0073293', 'S0073297', 'S0029658', 'S0073300', 'S0029659', 'S0049591', 'M0000616', 'M0000613', 'M0085932', 'M0096666', 'M0000614', 'M0000615', 'M0000617', 'M0000618', 'M0000619', 'M0044542', 'M0085936', 'M0085940', 'M0000620', 'M0000621', 'M0000622', 'M0000623', 'M0000624', 'M0068161', 'M0000625', 'M0000626', 'M0000627', 'M0000628', 'M0000629', 'M0068162', 'M0096672', 'M0000630', 'M0000631', 'M0000632', 'M0000633', 'M0000634', 'M0000635', 'M0000636', 'M0086493', 'M0220197', 'M0000637', 'M0000638', 'M0000639', 'M0220198', 'M0220199', 'M0000640', 'M0000641', 'M0000643'], 'data': ['NaN', 'NaN', 'NaN', 'NaN', 'NaN', 'NaN', 'NaN', 'NaN', 'NaN', 'NaN', 'NaN', 'NaN', 'NaN', 'NaN', 'NaN', 'NaN', 'NaN', 'NaN', 'NaN', 'NaN', 'NaN', 'NaN', 'NaN', 'NaN', 'NaN', 'NaN', 'NaN', 'NaN', 'NaN', 'NaN', 'NaN', 'NaN', 'NaN', 'NaN', 'NaN', 'NaN', 'NaN', 'NaN', 'NaN', 'NaN', 'NaN', 'NaN', 'NaN', 'NaN', 'NaN', 'NaN', 'NaN', 'NaN', 'NaN', 'NaN', 'NaN', 'NaN', 'NaN', 'NaN', 'NaN', 'NaN', 'NaN', 'NaN', 'NaN', 'NaN', 'NaN', 'NaN', 'NaN', 'NaN', 'NaN', 'NaN', 'NaN', 'NaN', 'NaN', 'NaN', 'NaN', 'NaN', 'NaN', 'NaN', 'NaN', 'NaN', 'NaN', 'NaN', 'NaN', 'NaN', 'NaN', 'NaN', 'NaN', 'NaN', 'NaN', 'NaN', 'NaN', 'NaN', 'NaN', 'NaN', 'NaN', 'NaN', 'NaN', 'NaN', 'NaN', 'NaN', 'NaN', 'NaN', 'NaN', 'NaN', 'NaN', 'NaN', 'NaN', 'NaN', 'NaN', 'NaN', 'NaN', 'NaN', 'NaN', 'NaN', 'NaN', 'NaN', 'NaN', 'NaN', 'NaN', 'NaN', 'NaN', 'NaN', 'NaN', 'NaN', 'NaN', 'NaN', 'NaN', 'NaN', 'NaN', 'NaN', 'NaN', 'NaN', 'NaN', 'NaN', 'NaN', 'NaN', 'NaN', 'NaN', 'NaN', 'NaN', 'NaN', 'NaN', 'NaN', 'NaN', 'NaN', 'NaN', 'NaN', 'NaN', 'NaN', 'NaN', 'NaN', 'NaN', 'NaN', 'NaN', 'NaN', 'NaN', 'NaN', 'NaN', 'NaN', 'NaN', 'NaN', 'NaN', 'NaN', 'NaN', 'NaN', 'NaN', 'NaN', 'NaN', 'NaN', 'NaN', 'NaN', 'NaN', 'NaN', 'NaN', 'NaN', 'NaN', 'NaN', 'NaN', 'NaN', 'NaN', 'NaN', 'NaN', 'NaN', 'NaN', 'NaN', 'NaN', 'NaN', 'NaN', 'NaN', 'NaN', 'NaN', 'NaN', 'NaN', 'NaN', 0.47, 'NaN', 'NaN', 'NaN', 'NaN', 'NaN', 'NaN', 'NaN', 'NaN', 'NaN', 'NaN', 'NaN', 'NaN', 'NaN', 'NaN', 'NaN', 'NaN', 'NaN', 'NaN', 'NaN', 'NaN', 'NaN', 'NaN', 'NaN', 'NaN', 'NaN', 'NaN', 'NaN', 'NaN', 'NaN', 'NaN', 'NaN', 'NaN', 'NaN', 'NaN', 'NaN', 'NaN', 'NaN', 'NaN', 'NaN', 'NaN', 'NaN', 'NaN', 'NaN', 'NaN', 'NaN', 'NaN', 'NaN', 'NaN', 'NaN', 'NaN', 'NaN', 'NaN', 'NaN', 'NaN', 'NaN', 'NaN', 'NaN', 'NaN', 'NaN', 'NaN', 'NaN', 'NaN', 'NaN', 'NaN', 'NaN', 'NaN', 'NaN', 'NaN', 'NaN', 'NaN', 'NaN', 'NaN', 'NaN', 'NaN', 'NaN', 'NaN', 'NaN', 'NaN', 'NaN', 'NaN', 'NaN', 'NaN', 'NaN', 'NaN', 'NaN', 'NaN', 'NaN', 'NaN', 'NaN', 'NaN', 'NaN', 'NaN', 'NaN', 'NaN', 'NaN', 'NaN', 'NaN', 'NaN', 'NaN', 'NaN', 'NaN', 'NaN', 'NaN', 'NaN', 'NaN', 'NaN', 'NaN', 'NaN', 'NaN', 'NaN', 'NaN', 'NaN', 'NaN', 'NaN', 'NaN', 'NaN', 'NaN', 'NaN', 'NaN', 'NaN', 'NaN', 'NaN', 'NaN', 'NaN', 'NaN', 'NaN', 'NaN', 'NaN', 'NaN', 'NaN', 'NaN', 'NaN', 'NaN', 'NaN', 'NaN', 'NaN', 'NaN', 'NaN', 'NaN', 'NaN', 'NaN', 'NaN', 'NaN', 'NaN', 'NaN', 'NaN', 'NaN', 'NaN', 'NaN', 'NaN', 'NaN', 'NaN', 'NaN', 'NaN', 'NaN', 'NaN', 'NaN', 'NaN', 'NaN', 'NaN', 'NaN', 'NaN', 'NaN', 'NaN', 'NaN', 'NaN', 'NaN', 'NaN', 'NaN', 'NaN', 'NaN', 'NaN', 'NaN', 'NaN', 'NaN', 'NaN', 'NaN', 'NaN', 'NaN', 'NaN', 'NaN', 'NaN', 'NaN', 3.84, 'NaN', 3.8527, 'NaN', 'NaN', 'NaN', 'NaN', 'NaN', 'NaN', 'NaN', 'NaN', 'NaN', 'NaN', 'NaN', 'NaN', 'NaN', 0.47, 4.09, 'NaN', 'NaN', 'NaN', -14.14, -15.69, 'NaN', 0.46, 'NaN', 22.7, 11.4, 2.3, 7946.0, 30515.98, 5944.7, 1049.3, 1108.6, 183.1, 118.7, 96.8, 212.0, 221.0, 229.5, 113.5, 275.2, 258.3, 464.9, 0.84, 0.88, 1.63, -0.2, 1.54, 1.65, 0.43, 1.17, 1.2, 1.24, 0.0, 0.0, 1.06, -0.22, 1.46, -0.5, 0.65, 0.96, 0.37, 0.43, 1.71, -0.23, 0.48, 1.08, 1.81, 1.09, 0.55, 0.9, 0.0, -0.08, 0.39, 0.39, 0.12, -0.2, 1.45, 0.64, 2.56, -0.24, 0.05, 1.73, 0.17, 0.02, 1.45, 1.04, 1.31, 0.18, 0.06, 1.31, 1.48, -0.34, 0.73, 0.95, 0.62, -0.03, 0.0, -0.46, 0.89, 1.56, 0.53, 1.19, 0.68, -0.87, 0.35, 0.16, 2.71, -0.31, 1.67, 0.64, 0.57, 0.0, 1.87, 1.72, 1.56, 0.8, 0.34, -0.31, 1.45, 0.1, 1.32, -0.62, 0.64, 0.49, 1.15, 1.86, 1.51, -0.49, -1.57, -0.93, 0.4, 0.55, 1.01, 0.25, 0.0, 1.45, 0.04, 1.09, 2.54, -0.92, -0.14, 0.91, 93387.0808, 6.5, 62588.2347, 6.0, 129484.3808, 19199.3743, 16343.5496, 2855.8247, 131.6698, 123.1309, 44771.9967, 18740.7272, 65381.34, 37245.6195, 21969.5268, 29111.8314, 15805.6433, 15.0, 3.1, 1.9, 10.4, -49.0, -50.7, 0.3, 0.6, 33.4, 30.5, 49.3, 8.4, 13.0, 745121.758, 151303.4818, 77036.6043, 2.9, 7.6, 6.4, 135829.485, 24.3, 102502.6737, 37.5, 4.0, 1.8, 1.9, 1.9, 2.1, 2.4, 0.6663, 1.7, 4.3297, 5.6, -0.1, -3.8, -2.1539, 5.0341, 15.8318, 2.8228, 3.84, -0.2, 3.8527, -0.1, 0.5, 1.38, 1.3, 1.4, 4.3, 0.3475, -1.6, 4.5, 4.3508, 6.0, 5.2, 3.4, 0.47, 4.09, 0.0178, -1.5, 4.5, -14.14, -15.69, 1.3, 0.46, -3.8, 21.4, 11.3, 2.1, 10400.0, 30105.17, 6003.9, 1058.4, 1090.8, 189.3, 118.2, 102.2, 217.1, 223.4, 229.3, 120.4, 288.2, 259.2, 482.5, 0.84, 0.88, 1.63, -0.2, 1.54, 1.65, 0.43, 1.17, 1.2, 1.24, 0.0, 0.0, 1.06, -0.22, 1.46, -0.5, 0.65, 0.96, 0.37, 0.43, 1.71, -0.23, 0.48, 1.08, 1.81, 1.09, 0.55, 0.9, 0.0, -0.08, 0.39, 0.39, 0.12, -0.2, 1.45, 0.64, 2.56, -0.24, 0.05, 1.73, 0.17, 0.02, 1.45, 1.04, 1.31, 0.18, 0.06, 1.31, 1.48, -0.34, 0.73, 0.95, 0.62, -0.03, 0.0, -0.46, 0.89, 1.56, 0.53, 1.19, 0.68, -0.87, 0.35, 0.16, 2.71, -0.31, 1.67, 0.64, 0.57, 0.0, 1.87, 1.72, 1.56, 0.8, 0.34, -0.31, 1.45, 0.1, 1.32, -0.62, 0.64, 0.49, 1.15, 1.86, 1.51, -0.49, -1.57, -0.93, 0.4, 0.55, 1.01, 0.25, 0.0, 1.45, 0.04, 1.09, 2.54, -0.92, -0.14, 0.91, 102580.6128, 6.9, 68703.8743, 6.4, 144214.0507, 21512.398, 18158.2358, 3354.1622, 140.4372, 132.5314, 49132.8493, 20466.8364, 73428.3662, 41952.1405, 24402.9369, 30916.1952, 17059.4255, 15.2, 6.4, 4.3, 19.8, -52.6, -53.7, 0.2, 0.7, 31.9, 29.0, 46.5, 6.6, 12.4, 758974.803, 166928.1283, 106127.7077, 3.2, 8.1, 6.1, 157348.5293, 22.5, 117627.0475, 34.8, 2.4, 2.0, 1.9, 2.0, 1.8, 2.5, 0.9436, 1.9, 4.8319, 6.2, 0.0, -1.3, -4.497, 4.2706, 2.6101, 3.1671, 3.84, -0.2, 3.8527, -0.2, 0.6, 1.1294, 1.1, 0.9, 4.3, 0.4117, -1.4, 4.7, 4.5936, 6.4, 5.3, 3.7, 0.47, 4.09, 0.9358, -1.4, 10.6, -14.14, -15.69, 1.6, 0.46, -3.9], 'fieldList': ['CLOSE'], 'timeList': ['2014-05-31T00:00:00', '2015-12-31T00:00:00', '2016-11-30T00:00:00', '2016-12-31T00:00:00']}